// Jest Snapshot v1, https://goo.gl/fbAQLP

exports[`InvoicesForm Component Renders a form matching snapshot 1`] = `
<form>
  <label>
    Client:
    <input
      name="client"
      type="text"
      value=""
    />
  </label>
  <label>
    Purchase Order Number:
    <input
      name="ponumber"
      type="text"
      value=""
    />
  </label>
  <button>
    Save
  </button>
</form>
`;
